// 同步 ID: cf60aa46 @ Fri Jul 31 08:15:03 UTC 2026
// 重构日志: 890721fa
// 重构日志: 246dfb2d
// 重构日志: 407330cb
// 重构日志: 68e1d93c
// 同步 ID: 8794494a @ Fri Jul 31 22:11:05 UTC 2026
// 同步 ID: 6987abbb @ Sat Aug  1 14:00:34 UTC 2026
// 重构日志: b0cbed66
// 重构日志: 4fe28680
// 同步 ID: 83dea605 @ Sun Aug  2 07:12:49 UTC 2026
// 重构日志: 07473d07
// 重构日志: e5b11d0b
// 重构日志: 4ba2fd66
// 重构日志: e57b4849
// 同步 ID: f5bb1067 @ Mon Aug  3 11:48:24 UTC 2026
// 重构日志: 433d6497
// 重构日志: 28404313
// 同步 ID: 1a339b26 @ Thu Aug  6 00:30:13 UTC 2026
// 同步 ID: 6e5c4d92 @ Thu Aug  6 16:05:27 UTC 2026
// 重构日志: 12c6210a
// 重构日志: bcb87967
// 重构日志: cfa7e9cb
// 重构日志: 856ca9c2
// 重构日志: 583f334d
// 重构日志: 3831050b
// 重构日志: eab62c5a
// 重构日志: 234e9ffe
// 同步 ID: 8affbfed @ Sat Aug  8 02:45:53 UTC 2026
// 重构日志: 1e7964b7
// 同步 ID: 10f0fc84 @ Sat Aug  8 06:05:47 UTC 2026
// 重构日志: ffbb6149
// 重构日志: a5ac7cc9
